
> hooky@0.0.0 build
> tsc -b && vite build

src/features/dashboard/ProgressScreen.tsx(40,11): error TS6196: 'Screenshot' is declared but never used.
src/features/dashboard/ProgressScreen.tsx(219,15): error TS6133: 'metaData' is declared but its value is never read.
src/features/onboarding/OnboardingScreen.tsx(3,20): error TS6133: 'TrendingUp' is declared but its value is never read.
src/features/onboarding/OnboardingScreen.tsx(3,53): error TS6133: 'ArrowRight' is declared but its value is never read.
src/features/share/GrowthCard.tsx(11,55): error TS6133: 'onClose' is declared but its value is never read.
src/features/share/GrowthCard.tsx(20,12): error TS6133: 'timeframe' is declared but its value is never read.
src/features/share/GrowthCard.tsx(20,23): error TS6133: 'setTimeframe' is declared but its value is never read.
src/features/share/GrowthCard.tsx(23,12): error TS6133: 'followerGrowth' is declared but its value is never read.
src/features/share/GrowthCard.tsx(23,28): error TS6133: 'setFollowerGrowth' is declared but its value is never read.
src/shared/components/ActivityHeatmap.tsx(55,27): error TS6133: 'index' is declared but its value is never read.
src/shared/components/DateRangePicker.tsx(2,63): error TS6133: 'X' is declared but its value is never read.
src/shared/components/DateRangePicker.tsx(104,11): error TS6133: 'isSelected' is declared but its value is never read.
src/shared/components/DateRangePicker.tsx(119,11): error TS6133: 'isInRangePreview' is declared but its value is never read.
src/shared/components/DateRangePicker.tsx(122,15): error TS6133: 'date' is declared but its value is never read.
src/shared/components/DateRangePicker.tsx(133,66): error TS6133: 'i' is declared but its value is never read.
src/shared/components/GoalSettingModal.tsx(5,1): error TS6133: 'DateRangePicker' is declared but its value is never read.
src/shared/components/LevelUpModal.tsx(4,30): error TS6133: 'Star' is declared but its value is never read.
src/shared/components/StreakDisplay.tsx(14,5): error TS6133: 'currentStreak' is declared but its value is never read.
src/shared/context/UserContext.tsx(985,11): error TS6133: 'fetchBadgesWithDetails' is declared but its value is never read.
